Component: ARM Compiler 5.06 update 6 (build 750) Tool: armlink [4d35ed]

==============================================================================

Section Cross References

    main.o(i.DAC_Config) refers to stm32f0xx_rcc.o(i.RCC_AHBPeriphClockCmd) for RCC_AHBPeriphClockCmd
    main.o(i.DAC_Config) refers to stm32f0xx_rcc.o(i.RCC_APB1PeriphClockCmd) for RCC_APB1PeriphClockCmd
    main.o(i.DAC_Config) refers to stm32f0xx_gpio.o(i.GPIO_Init) for GPIO_Init
    main.o(i.main) refers to main.o(i.DAC_Config) for DAC_Config
    main.o(i.main) refers to stm32f0xx_rcc.o(i.RCC_APB1PeriphClockCmd) for RCC_APB1PeriphClockCmd
    main.o(i.main) refers to stm32f0xx_tim.o(i.TIM_TimeBaseStructInit) for TIM_TimeBaseStructInit
    main.o(i.main) refers to stm32f0xx_tim.o(i.TIM_TimeBaseInit) for TIM_TimeBaseInit
    main.o(i.main) refers to stm32f0xx_tim.o(i.TIM_SelectOutputTrigger) for TIM_SelectOutputTrigger
    main.o(i.main) refers to stm32f0xx_tim.o(i.TIM_Cmd) for TIM_Cmd
    main.o(i.main) refers to stm32f0_discovery.o(i.STM_EVAL_PBInit) for STM_EVAL_PBInit
    main.o(i.main) refers to stm32f0xx_dac.o(i.DAC_DeInit) for DAC_DeInit
    main.o(i.main) refers to stm32f0xx_dma.o(i.DMA_DeInit) for DMA_DeInit
    main.o(i.main) refers to stm32f0xx_dma.o(i.DMA_Init) for DMA_Init
    main.o(i.main) refers to stm32f0xx_dma.o(i.DMA_Cmd) for DMA_Cmd
    main.o(i.main) refers to stm32f0xx_dac.o(i.DAC_Init) for DAC_Init
    main.o(i.main) refers to stm32f0xx_dac.o(i.DAC_Cmd) for DAC_Cmd
    main.o(i.main) refers to stm32f0xx_dac.o(i.DAC_DMACmd) for DAC_DMACmd
    main.o(i.main) refers to main.o(.bss) for .bss
    main.o(i.main) refers to main.o(.data) for .data
    main.o(i.main) refers to main.o(.constdata) for .constdata
    stm32f0xx_it.o(i.EXTI0_1_IRQHandler) refers to stm32f0xx_exti.o(i.EXTI_GetITStatus) for EXTI_GetITStatus
    stm32f0xx_it.o(i.EXTI0_1_IRQHandler) refers to stm32f0xx_exti.o(i.EXTI_ClearITPendingBit) for EXTI_ClearITPendingBit
    stm32f0xx_it.o(i.EXTI0_1_IRQHandler) refers to main.o(.data) for WaveChange
    system_stm32f0xx.o(i.SystemCoreClockUpdate) refers to uidiv.o(.text) for __aeabi_uidivmod
    system_stm32f0xx.o(i.SystemCoreClockUpdate) refers to system_stm32f0xx.o(.data) for .data
    system_stm32f0xx.o(i.SystemInit) refers to system_stm32f0xx.o(i.SetSysClock) for SetSysClock
    stm32f0_discovery.o(i.STM_EVAL_LEDInit) refers to stm32f0xx_rcc.o(i.RCC_AHBPeriphClockCmd) for RCC_AHBPeriphClockCmd
    stm32f0_discovery.o(i.STM_EVAL_LEDInit) refers to stm32f0xx_gpio.o(i.GPIO_Init) for GPIO_Init
    stm32f0_discovery.o(i.STM_EVAL_LEDInit) refers to stm32f0_discovery.o(.constdata) for .constdata
    stm32f0_discovery.o(i.STM_EVAL_LEDInit) refers to stm32f0_discovery.o(.data) for .data
    stm32f0_discovery.o(i.STM_EVAL_LEDOff) refers to stm32f0_discovery.o(.constdata) for .constdata
    stm32f0_discovery.o(i.STM_EVAL_LEDOff) refers to stm32f0_discovery.o(.data) for .data
    stm32f0_discovery.o(i.STM_EVAL_LEDOn) refers to stm32f0_discovery.o(.constdata) for .constdata
    stm32f0_discovery.o(i.STM_EVAL_LEDOn) refers to stm32f0_discovery.o(.data) for .data
    stm32f0_discovery.o(i.STM_EVAL_LEDToggle) refers to stm32f0_discovery.o(.data) for .data
    stm32f0_discovery.o(i.STM_EVAL_LEDToggle) refers to stm32f0_discovery.o(.constdata) for .constdata
    stm32f0_discovery.o(i.STM_EVAL_PBGetState) refers to stm32f0xx_gpio.o(i.GPIO_ReadInputDataBit) for GPIO_ReadInputDataBit
    stm32f0_discovery.o(i.STM_EVAL_PBGetState) refers to stm32f0_discovery.o(.constdata) for .constdata
    stm32f0_discovery.o(i.STM_EVAL_PBGetState) refers to stm32f0_discovery.o(.data) for .data
    stm32f0_discovery.o(i.STM_EVAL_PBInit) refers to stm32f0xx_rcc.o(i.RCC_AHBPeriphClockCmd) for RCC_AHBPeriphClockCmd
    stm32f0_discovery.o(i.STM_EVAL_PBInit) refers to stm32f0xx_rcc.o(i.RCC_APB2PeriphClockCmd) for RCC_APB2PeriphClockCmd
    stm32f0_discovery.o(i.STM_EVAL_PBInit) refers to stm32f0xx_gpio.o(i.GPIO_Init) for GPIO_Init
    stm32f0_discovery.o(i.STM_EVAL_PBInit) refers to stm32f0xx_syscfg.o(i.SYSCFG_EXTILineConfig) for SYSCFG_EXTILineConfig
    stm32f0_discovery.o(i.STM_EVAL_PBInit) refers to stm32f0xx_exti.o(i.EXTI_Init) for EXTI_Init
    stm32f0_discovery.o(i.STM_EVAL_PBInit) refers to stm32f0xx_misc.o(i.NVIC_Init) for NVIC_Init
    stm32f0_discovery.o(i.STM_EVAL_PBInit) refers to stm32f0_discovery.o(.constdata) for .constdata
    stm32f0_discovery.o(i.STM_EVAL_PBInit) refers to stm32f0_discovery.o(.data) for .data
    stm32f0xx_rcc.o(i.RCC_GetClocksFreq) refers to uidiv.o(.text) for __aeabi_uidivmod
    stm32f0xx_rcc.o(i.RCC_GetClocksFreq) refers to stm32f0xx_rcc.o(.data) for .data
    stm32f0xx_rcc.o(i.RCC_WaitForHSEStartUp) refers to stm32f0xx_rcc.o(i.RCC_GetFlagStatus) for RCC_GetFlagStatus
    stm32f0xx_gpio.o(i.GPIO_DeInit) refers to stm32f0xx_rcc.o(i.RCC_AHBPeriphResetCmd) for RCC_AHBPeriphResetCmd
    stm32f0xx_tim.o(i.TIM_DeInit) refers to stm32f0xx_rcc.o(i.RCC_APB1PeriphResetCmd) for RCC_APB1PeriphResetCmd
    stm32f0xx_tim.o(i.TIM_DeInit) refers to stm32f0xx_rcc.o(i.RCC_APB2PeriphResetCmd) for RCC_APB2PeriphResetCmd
    stm32f0xx_tim.o(i.TIM_ETRClockMode1Config) refers to stm32f0xx_tim.o(i.TIM_ETRConfig) for TIM_ETRConfig
    stm32f0xx_tim.o(i.TIM_ETRClockMode2Config) refers to stm32f0xx_tim.o(i.TIM_ETRConfig) for TIM_ETRConfig
    stm32f0xx_tim.o(i.TIM_ICInit) refers to stm32f0xx_tim.o(i.TIM_SetIC4Prescaler) for TIM_SetIC4Prescaler
    stm32f0xx_tim.o(i.TIM_ICInit) refers to stm32f0xx_tim.o(i.TI1_Config) for TI1_Config
    stm32f0xx_tim.o(i.TIM_ICInit) refers to stm32f0xx_tim.o(i.TIM_SetIC1Prescaler) for TIM_SetIC1Prescaler
    stm32f0xx_tim.o(i.TIM_ICInit) refers to stm32f0xx_tim.o(i.TI2_Config) for TI2_Config
    stm32f0xx_tim.o(i.TIM_ICInit) refers to stm32f0xx_tim.o(i.TIM_SetIC2Prescaler) for TIM_SetIC2Prescaler
    stm32f0xx_tim.o(i.TIM_ICInit) refers to stm32f0xx_tim.o(i.TIM_SetIC3Prescaler) for TIM_SetIC3Prescaler
    stm32f0xx_tim.o(i.TIM_ITRxExternalClockConfig) refers to stm32f0xx_tim.o(i.TIM_SelectInputTrigger) for TIM_SelectInputTrigger
    stm32f0xx_tim.o(i.TIM_PWMIConfig) refers to stm32f0xx_tim.o(i.TI2_Config) for TI2_Config
    stm32f0xx_tim.o(i.TIM_PWMIConfig) refers to stm32f0xx_tim.o(i.TIM_SetIC2Prescaler) for TIM_SetIC2Prescaler
    stm32f0xx_tim.o(i.TIM_PWMIConfig) refers to stm32f0xx_tim.o(i.TI1_Config) for TI1_Config
    stm32f0xx_tim.o(i.TIM_PWMIConfig) refers to stm32f0xx_tim.o(i.TIM_SetIC1Prescaler) for TIM_SetIC1Prescaler
    stm32f0xx_tim.o(i.TIM_TIxExternalClockConfig) refers to stm32f0xx_tim.o(i.TI1_Config) for TI1_Config
    stm32f0xx_tim.o(i.TIM_TIxExternalClockConfig) refers to stm32f0xx_tim.o(i.TIM_SelectInputTrigger) for TIM_SelectInputTrigger
    stm32f0xx_tim.o(i.TIM_TIxExternalClockConfig) refers to stm32f0xx_tim.o(i.TI2_Config) for TI2_Config
    stm32f0xx_dac.o(i.DAC_DeInit) refers to stm32f0xx_rcc.o(i.RCC_APB1PeriphResetCmd) for RCC_APB1PeriphResetCmd
    startup_stm32f0xx.o(RESET) refers to startup_stm32f0xx.o(STACK) for __initial_sp
    startup_stm32f0xx.o(RESET) refers to startup_stm32f0xx.o(.text) for Reset_Handler
    startup_stm32f0xx.o(RESET) refers to stm32f0xx_it.o(i.NMI_Handler) for NMI_Handler
    startup_stm32f0xx.o(RESET) refers to stm32f0xx_it.o(i.HardFault_Handler) for HardFault_Handler
    startup_stm32f0xx.o(RESET) refers to stm32f0xx_it.o(i.SVC_Handler) for SVC_Handler
    startup_stm32f0xx.o(RESET) refers to stm32f0xx_it.o(i.PendSV_Handler) for PendSV_Handler
    startup_stm32f0xx.o(RESET) refers to stm32f0xx_it.o(i.SysTick_Handler) for SysTick_Handler
    startup_stm32f0xx.o(RESET) refers to stm32f0xx_it.o(i.EXTI0_1_IRQHandler) for EXTI0_1_IRQHandler
    startup_stm32f0xx.o(.text) refers to system_stm32f0xx.o(i.SystemInit) for SystemInit
    startup_stm32f0xx.o(.text) refers to entry.o(.ARM.Collect$$$$00000000) for __main
    entry.o(.ARM.Collect$$$$00000000) refers (Special) to entry10a.o(.ARM.Collect$$$$0000000D) for __rt_final_cpp
    entry.o(.ARM.Collect$$$$00000000) refers (Special) to entry11a.o(.ARM.Collect$$$$0000000F) for __rt_final_exit
    entry.o(.ARM.Collect$$$$00000000) refers (Special) to entry7b.o(.ARM.Collect$$$$00000008) for _main_clock
    entry.o(.ARM.Collect$$$$00000000) refers (Special) to entry8b.o(.ARM.Collect$$$$0000000A) for _main_cpp_init
    entry.o(.ARM.Collect$$$$00000000) refers (Special) to entry9a.o(.ARM.Collect$$$$0000000B) for _main_init
    entry.o(.ARM.Collect$$$$00000000) refers (Special) to entry5.o(.ARM.Collect$$$$00000004) for _main_scatterload
    entry.o(.ARM.Collect$$$$00000000) refers (Special) to entry2.o(.ARM.Collect$$$$00000001) for _main_stk
    entry2.o(.ARM.Collect$$$$00000001) refers to entry2.o(.ARM.Collect$$$$00002712) for __lit__00000000
    entry2.o(.ARM.Collect$$$$00002712) refers to startup_stm32f0xx.o(STACK) for __initial_sp
    entry2.o(__vectab_stack_and_reset_area) refers to startup_stm32f0xx.o(STACK) for __initial_sp
    entry2.o(__vectab_stack_and_reset_area) refers to entry.o(.ARM.Collect$$$$00000000) for __main
    entry5.o(.ARM.Collect$$$$00000004) refers to init.o(.text) for __scatterload
    entry9a.o(.ARM.Collect$$$$0000000B) refers to main.o(i.main) for main
    entry9b.o(.ARM.Collect$$$$0000000C) refers to main.o(i.main) for main
    init.o(.text) refers to entry5.o(.ARM.Collect$$$$00000004) for __main_after_scatterload


==============================================================================

Removing Unused input sections from the image.

    Removing main.o(.emb_text), (8 bytes).
    Removing main.o(.data), (1 bytes).
    Removing stm32f0xx_it.o(.emb_text), (8 bytes).
    Removing system_stm32f0xx.o(.emb_text), (8 bytes).
    Removing system_stm32f0xx.o(i.SystemCoreClockUpdate), (108 bytes).
    Removing system_stm32f0xx.o(.data), (20 bytes).
    Removing stm32f0_discovery.o(.emb_text), (8 bytes).
    Removing stm32f0_discovery.o(i.STM_EVAL_LEDInit), (60 bytes).
    Removing stm32f0_discovery.o(i.STM_EVAL_LEDOff), (24 bytes).
    Removing stm32f0_discovery.o(i.STM_EVAL_LEDOn), (24 bytes).
    Removing stm32f0_discovery.o(i.STM_EVAL_LEDToggle), (28 bytes).
    Removing stm32f0_discovery.o(i.STM_EVAL_PBGetState), (28 bytes).
    Removing stm32f0xx_rcc.o(.emb_text), (8 bytes).
    Removing stm32f0xx_rcc.o(i.RCC_ADCCLKConfig), (44 bytes).
    Removing stm32f0xx_rcc.o(i.RCC_AHBPeriphResetCmd), (24 bytes).
    Removing stm32f0xx_rcc.o(i.RCC_APB2PeriphResetCmd), (24 bytes).
    Removing stm32f0xx_rcc.o(i.RCC_AdjustHSI14CalibrationValue), (20 bytes).
    Removing stm32f0xx_rcc.o(i.RCC_AdjustHSICalibrationValue), (20 bytes).
    Removing stm32f0xx_rcc.o(i.RCC_BackupResetCmd), (28 bytes).
    Removing stm32f0xx_rcc.o(i.RCC_CECCLKConfig), (24 bytes).
    Removing stm32f0xx_rcc.o(i.RCC_ClearFlag), (20 bytes).
    Removing stm32f0xx_rcc.o(i.RCC_ClearITPendingBit), (12 bytes).
    Removing stm32f0xx_rcc.o(i.RCC_ClockSecuritySystemCmd), (28 bytes).
    Removing stm32f0xx_rcc.o(i.RCC_DeInit), (92 bytes).
    Removing stm32f0xx_rcc.o(i.RCC_GetClocksFreq), (232 bytes).
    Removing stm32f0xx_rcc.o(i.RCC_GetFlagStatus), (52 bytes).
    Removing stm32f0xx_rcc.o(i.RCC_GetITStatus), (20 bytes).
    Removing stm32f0xx_rcc.o(i.RCC_GetSYSCLKSource), (16 bytes).
    Removing stm32f0xx_rcc.o(i.RCC_HCLKConfig), (20 bytes).
    Removing stm32f0xx_rcc.o(i.RCC_HSEConfig), (16 bytes).
    Removing stm32f0xx_rcc.o(i.RCC_HSI14ADCRequestCmd), (24 bytes).
    Removing stm32f0xx_rcc.o(i.RCC_HSI14Cmd), (28 bytes).
    Removing stm32f0xx_rcc.o(i.RCC_HSICmd), (28 bytes).
    Removing stm32f0xx_rcc.o(i.RCC_I2CCLKConfig), (24 bytes).
    Removing stm32f0xx_rcc.o(i.RCC_ITConfig), (24 bytes).
    Removing stm32f0xx_rcc.o(i.RCC_LSEConfig), (32 bytes).
    Removing stm32f0xx_rcc.o(i.RCC_LSEDriveConfig), (24 bytes).
    Removing stm32f0xx_rcc.o(i.RCC_LSICmd), (28 bytes).
    Removing stm32f0xx_rcc.o(i.RCC_MCOConfig), (12 bytes).
    Removing stm32f0xx_rcc.o(i.RCC_PCLKConfig), (20 bytes).
    Removing stm32f0xx_rcc.o(i.RCC_PLLCmd), (28 bytes).
    Removing stm32f0xx_rcc.o(i.RCC_PLLConfig), (28 bytes).
    Removing stm32f0xx_rcc.o(i.RCC_PREDIV1Config), (20 bytes).
    Removing stm32f0xx_rcc.o(i.RCC_RTCCLKCmd), (28 bytes).
    Removing stm32f0xx_rcc.o(i.RCC_RTCCLKConfig), (16 bytes).
    Removing stm32f0xx_rcc.o(i.RCC_SYSCLKConfig), (20 bytes).
    Removing stm32f0xx_rcc.o(i.RCC_USARTCLKConfig), (24 bytes).
    Removing stm32f0xx_rcc.o(i.RCC_WaitForHSEStartUp), (44 bytes).
    Removing stm32f0xx_rcc.o(.data), (16 bytes).
    Removing stm32f0xx_gpio.o(.emb_text), (8 bytes).
    Removing stm32f0xx_gpio.o(i.GPIO_DeInit), (96 bytes).
    Removing stm32f0xx_gpio.o(i.GPIO_PinAFConfig), (32 bytes).
    Removing stm32f0xx_gpio.o(i.GPIO_PinLockConfig), (26 bytes).
    Removing stm32f0xx_gpio.o(i.GPIO_ReadInputData), (4 bytes).
    Removing stm32f0xx_gpio.o(i.GPIO_ReadInputDataBit), (14 bytes).
    Removing stm32f0xx_gpio.o(i.GPIO_ReadOutputData), (4 bytes).
    Removing stm32f0xx_gpio.o(i.GPIO_ReadOutputDataBit), (14 bytes).
    Removing stm32f0xx_gpio.o(i.GPIO_ResetBits), (4 bytes).
    Removing stm32f0xx_gpio.o(i.GPIO_SetBits), (4 bytes).
    Removing stm32f0xx_gpio.o(i.GPIO_StructInit), (24 bytes).
    Removing stm32f0xx_gpio.o(i.GPIO_Write), (4 bytes).
    Removing stm32f0xx_gpio.o(i.GPIO_WriteBit), (12 bytes).
    Removing stm32f0xx_syscfg.o(.emb_text), (8 bytes).
    Removing stm32f0xx_syscfg.o(i.SYSCFG_BreakConfig), (16 bytes).
    Removing stm32f0xx_syscfg.o(i.SYSCFG_ClearFlag), (16 bytes).
    Removing stm32f0xx_syscfg.o(i.SYSCFG_DMAChannelRemapConfig), (24 bytes).
    Removing stm32f0xx_syscfg.o(i.SYSCFG_DeInit), (36 bytes).
    Removing stm32f0xx_syscfg.o(i.SYSCFG_GetFlagStatus), (20 bytes).
    Removing stm32f0xx_syscfg.o(i.SYSCFG_I2CFastModePlusConfig), (24 bytes).
    Removing stm32f0xx_syscfg.o(i.SYSCFG_MemoryRemapConfig), (20 bytes).
    Removing stm32f0xx_exti.o(.emb_text), (8 bytes).
    Removing stm32f0xx_exti.o(i.EXTI_ClearFlag), (12 bytes).
    Removing stm32f0xx_exti.o(i.EXTI_DeInit), (32 bytes).
    Removing stm32f0xx_exti.o(i.EXTI_GenerateSWInterrupt), (16 bytes).
    Removing stm32f0xx_exti.o(i.EXTI_GetFlagStatus), (20 bytes).
    Removing stm32f0xx_exti.o(i.EXTI_StructInit), (14 bytes).
    Removing stm32f0xx_misc.o(.emb_text), (8 bytes).
    Removing stm32f0xx_misc.o(i.NVIC_SystemLPConfig), (24 bytes).
    Removing stm32f0xx_misc.o(i.SysTick_CLKSourceConfig), (24 bytes).
    Removing stm32f0xx_tim.o(.emb_text), (8 bytes).
    Removing stm32f0xx_tim.o(i.TI1_Config), (40 bytes).
    Removing stm32f0xx_tim.o(i.TI2_Config), (48 bytes).
    Removing stm32f0xx_tim.o(i.TIM_ARRPreloadConfig), (18 bytes).
    Removing stm32f0xx_tim.o(i.TIM_BDTRConfig), (34 bytes).
    Removing stm32f0xx_tim.o(i.TIM_BDTRStructInit), (18 bytes).
    Removing stm32f0xx_tim.o(i.TIM_CCPreloadControl), (20 bytes).
    Removing stm32f0xx_tim.o(i.TIM_CCxCmd), (22 bytes).
    Removing stm32f0xx_tim.o(i.TIM_CCxNCmd), (22 bytes).
    Removing stm32f0xx_tim.o(i.TIM_ClearFlag), (6 bytes).
    Removing stm32f0xx_tim.o(i.TIM_ClearITPendingBit), (6 bytes).
    Removing stm32f0xx_tim.o(i.TIM_ClearOC1Ref), (12 bytes).
    Removing stm32f0xx_tim.o(i.TIM_ClearOC2Ref), (14 bytes).
    Removing stm32f0xx_tim.o(i.TIM_ClearOC3Ref), (12 bytes).
    Removing stm32f0xx_tim.o(i.TIM_ClearOC4Ref), (14 bytes).
    Removing stm32f0xx_tim.o(i.TIM_CounterModeConfig), (12 bytes).
    Removing stm32f0xx_tim.o(i.TIM_CtrlPWMOutputs), (24 bytes).
    Removing stm32f0xx_tim.o(i.TIM_DMACmd), (16 bytes).
    Removing stm32f0xx_tim.o(i.TIM_DMAConfig), (8 bytes).
    Removing stm32f0xx_tim.o(i.TIM_DeInit), (180 bytes).
    Removing stm32f0xx_tim.o(i.TIM_ETRClockMode1Config), (28 bytes).
    Removing stm32f0xx_tim.o(i.TIM_ETRClockMode2Config), (20 bytes).
    Removing stm32f0xx_tim.o(i.TIM_ETRConfig), (18 bytes).
    Removing stm32f0xx_tim.o(i.TIM_EncoderInterfaceConfig), (48 bytes).
    Removing stm32f0xx_tim.o(i.TIM_ForcedOC1Config), (12 bytes).
    Removing stm32f0xx_tim.o(i.TIM_ForcedOC2Config), (20 bytes).
    Removing stm32f0xx_tim.o(i.TIM_ForcedOC3Config), (12 bytes).
    Removing stm32f0xx_tim.o(i.TIM_ForcedOC4Config), (20 bytes).
    Removing stm32f0xx_tim.o(i.TIM_GenerateEvent), (4 bytes).
    Removing stm32f0xx_tim.o(i.TIM_GetCapture1), (4 bytes).
    Removing stm32f0xx_tim.o(i.TIM_GetCapture2), (4 bytes).
    Removing stm32f0xx_tim.o(i.TIM_GetCapture3), (4 bytes).
    Removing stm32f0xx_tim.o(i.TIM_GetCapture4), (4 bytes).
    Removing stm32f0xx_tim.o(i.TIM_GetCounter), (4 bytes).
    Removing stm32f0xx_tim.o(i.TIM_GetFlagStatus), (14 bytes).
    Removing stm32f0xx_tim.o(i.TIM_GetITStatus), (24 bytes).
    Removing stm32f0xx_tim.o(i.TIM_GetPrescaler), (4 bytes).
    Removing stm32f0xx_tim.o(i.TIM_ICInit), (184 bytes).
    Removing stm32f0xx_tim.o(i.TIM_ICStructInit), (16 bytes).
    Removing stm32f0xx_tim.o(i.TIM_ITConfig), (16 bytes).
    Removing stm32f0xx_tim.o(i.TIM_ITRxExternalClockConfig), (18 bytes).
    Removing stm32f0xx_tim.o(i.TIM_InternalClockConfig), (10 bytes).
    Removing stm32f0xx_tim.o(i.TIM_OC1FastConfig), (12 bytes).
    Removing stm32f0xx_tim.o(i.TIM_OC1Init), (124 bytes).
    Removing stm32f0xx_tim.o(i.TIM_OC1NPolarityConfig), (12 bytes).
    Removing stm32f0xx_tim.o(i.TIM_OC1PolarityConfig), (12 bytes).
    Removing stm32f0xx_tim.o(i.TIM_OC1PreloadConfig), (12 bytes).
    Removing stm32f0xx_tim.o(i.TIM_OC2FastConfig), (20 bytes).
    Removing stm32f0xx_tim.o(i.TIM_OC2Init), (124 bytes).
    Removing stm32f0xx_tim.o(i.TIM_OC2NPolarityConfig), (14 bytes).
    Removing stm32f0xx_tim.o(i.TIM_OC2PolarityConfig), (14 bytes).
    Removing stm32f0xx_tim.o(i.TIM_OC2PreloadConfig), (20 bytes).
    Removing stm32f0xx_tim.o(i.TIM_OC3FastConfig), (12 bytes).
    Removing stm32f0xx_tim.o(i.TIM_OC3Init), (136 bytes).
    Removing stm32f0xx_tim.o(i.TIM_OC3NPolarityConfig), (20 bytes).
    Removing stm32f0xx_tim.o(i.TIM_OC3PolarityConfig), (20 bytes).
    Removing stm32f0xx_tim.o(i.TIM_OC3PreloadConfig), (12 bytes).
    Removing stm32f0xx_tim.o(i.TIM_OC4FastConfig), (20 bytes).
    Removing stm32f0xx_tim.o(i.TIM_OC4Init), (100 bytes).
    Removing stm32f0xx_tim.o(i.TIM_OC4PolarityConfig), (20 bytes).
    Removing stm32f0xx_tim.o(i.TIM_OC4PreloadConfig), (20 bytes).
    Removing stm32f0xx_tim.o(i.TIM_OCStructInit), (20 bytes).
    Removing stm32f0xx_tim.o(i.TIM_PWMIConfig), (104 bytes).
    Removing stm32f0xx_tim.o(i.TIM_PrescalerConfig), (6 bytes).
    Removing stm32f0xx_tim.o(i.TIM_RemapConfig), (6 bytes).
    Removing stm32f0xx_tim.o(i.TIM_SelectCCDMA), (18 bytes).
    Removing stm32f0xx_tim.o(i.TIM_SelectCOM), (18 bytes).
    Removing stm32f0xx_tim.o(i.TIM_SelectHallSensor), (18 bytes).
    Removing stm32f0xx_tim.o(i.TIM_SelectInputTrigger), (12 bytes).
    Removing stm32f0xx_tim.o(i.TIM_SelectMasterSlaveMode), (16 bytes).
    Removing stm32f0xx_tim.o(i.TIM_SelectOCREFClear), (16 bytes).
    Removing stm32f0xx_tim.o(i.TIM_SelectOCxM), (70 bytes).
    Removing stm32f0xx_tim.o(i.TIM_SelectOnePulseMode), (16 bytes).
    Removing stm32f0xx_tim.o(i.TIM_SelectSlaveMode), (16 bytes).
    Removing stm32f0xx_tim.o(i.TIM_SetAutoreload), (4 bytes).
    Removing stm32f0xx_tim.o(i.TIM_SetClockDivision), (20 bytes).
    Removing stm32f0xx_tim.o(i.TIM_SetCompare1), (4 bytes).
    Removing stm32f0xx_tim.o(i.TIM_SetCompare2), (4 bytes).
    Removing stm32f0xx_tim.o(i.TIM_SetCompare3), (4 bytes).
    Removing stm32f0xx_tim.o(i.TIM_SetCompare4), (4 bytes).
    Removing stm32f0xx_tim.o(i.TIM_SetCounter), (4 bytes).
    Removing stm32f0xx_tim.o(i.TIM_SetIC1Prescaler), (16 bytes).
    Removing stm32f0xx_tim.o(i.TIM_SetIC2Prescaler), (24 bytes).
    Removing stm32f0xx_tim.o(i.TIM_SetIC3Prescaler), (16 bytes).
    Removing stm32f0xx_tim.o(i.TIM_SetIC4Prescaler), (24 bytes).
    Removing stm32f0xx_tim.o(i.TIM_TIxExternalClockConfig), (48 bytes).
    Removing stm32f0xx_tim.o(i.TIM_UpdateDisableConfig), (18 bytes).
    Removing stm32f0xx_tim.o(i.TIM_UpdateRequestConfig), (18 bytes).
    Removing stm32f0xx_dma.o(.emb_text), (8 bytes).
    Removing stm32f0xx_dma.o(i.DMA_ClearFlag), (12 bytes).
    Removing stm32f0xx_dma.o(i.DMA_ClearITPendingBit), (12 bytes).
    Removing stm32f0xx_dma.o(i.DMA_GetCurrDataCounter), (6 bytes).
    Removing stm32f0xx_dma.o(i.DMA_GetFlagStatus), (20 bytes).
    Removing stm32f0xx_dma.o(i.DMA_GetITStatus), (20 bytes).
    Removing stm32f0xx_dma.o(i.DMA_ITConfig), (16 bytes).
    Removing stm32f0xx_dma.o(i.DMA_SetCurrDataCounter), (4 bytes).
    Removing stm32f0xx_dma.o(i.DMA_StructInit), (26 bytes).
    Removing stm32f0xx_dac.o(.emb_text), (8 bytes).
    Removing stm32f0xx_dac.o(i.DAC_ClearFlag), (12 bytes).
    Removing stm32f0xx_dac.o(i.DAC_ClearITPendingBit), (12 bytes).
    Removing stm32f0xx_dac.o(i.DAC_GetDataOutputValue), (24 bytes).
    Removing stm32f0xx_dac.o(i.DAC_GetFlagStatus), (24 bytes).
    Removing stm32f0xx_dac.o(i.DAC_GetITStatus), (32 bytes).
    Removing stm32f0xx_dac.o(i.DAC_ITConfig), (24 bytes).
    Removing stm32f0xx_dac.o(i.DAC_SetChannel1Data), (20 bytes).
    Removing stm32f0xx_dac.o(i.DAC_SoftwareTriggerCmd), (28 bytes).
    Removing stm32f0xx_dac.o(i.DAC_StructInit), (8 bytes).
    Removing startup_stm32f0xx.o(HEAP), (512 bytes).

187 unused section(s) (total 5179 bytes) removed from the image.

==============================================================================

Image Symbol Table

    Local Symbols

    Symbol Name                              Value     Ov Type        Size  Object(Section)

    ../clib/microlib/division.c              0x00000000   Number         0  uidiv.o ABSOLUTE
    ../clib/microlib/init/entry.s            0x00000000   Number         0  entry9a.o ABSOLUTE
    ../clib/microlib/init/entry.s            0x00000000   Number         0  entry8b.o ABSOLUTE
    ../clib/microlib/init/entry.s            0x00000000   Number         0  entry8a.o ABSOLUTE
    ../clib/microlib/init/entry.s            0x00000000   Number         0  entry7b.o ABSOLUTE
    ../clib/microlib/init/entry.s            0x00000000   Number         0  entry.o ABSOLUTE
    ../clib/microlib/init/entry.s            0x00000000   Number         0  entry10a.o ABSOLUTE
    ../clib/microlib/init/entry.s            0x00000000   Number         0  entry7a.o ABSOLUTE
    ../clib/microlib/init/entry.s            0x00000000   Number         0  entry5.o ABSOLUTE
    ../clib/microlib/init/entry.s            0x00000000   Number         0  entry9b.o ABSOLUTE
    ../clib/microlib/init/entry.s            0x00000000   Number         0  entry2.o ABSOLUTE
    ../clib/microlib/init/entry.s            0x00000000   Number         0  entry11b.o ABSOLUTE
    ../clib/microlib/init/entry.s            0x00000000   Number         0  entry11a.o ABSOLUTE
    ../clib/microlib/init/entry.s            0x00000000   Number         0  entry10b.o ABSOLUTE
    ..\..\..\..\Libraries\CMSIS\ST\STM32F0xx\Source\Templates\arm\startup_stm32f0xx.s 0x00000000   Number         0  startup_stm32f0xx.o ABSOLUTE
    ..\..\..\..\Libraries\STM32F0xx_StdPeriph_Driver\src\stm32f0xx_dac.c 0x00000000   Number         0  stm32f0xx_dac.o ABSOLUTE
    ..\..\..\..\Libraries\STM32F0xx_StdPeriph_Driver\src\stm32f0xx_dma.c 0x00000000   Number         0  stm32f0xx_dma.o ABSOLUTE
    ..\..\..\..\Libraries\STM32F0xx_StdPeriph_Driver\src\stm32f0xx_exti.c 0x00000000   Number         0  stm32f0xx_exti.o ABSOLUTE
    ..\..\..\..\Libraries\STM32F0xx_StdPeriph_Driver\src\stm32f0xx_gpio.c 0x00000000   Number         0  stm32f0xx_gpio.o ABSOLUTE
    ..\..\..\..\Libraries\STM32F0xx_StdPeriph_Driver\src\stm32f0xx_misc.c 0x00000000   Number         0  stm32f0xx_misc.o ABSOLUTE
    ..\..\..\..\Libraries\STM32F0xx_StdPeriph_Driver\src\stm32f0xx_rcc.c 0x00000000   Number         0  stm32f0xx_rcc.o ABSOLUTE
    ..\..\..\..\Libraries\STM32F0xx_StdPeriph_Driver\src\stm32f0xx_syscfg.c 0x00000000   Number         0  stm32f0xx_syscfg.o ABSOLUTE
    ..\..\..\..\Libraries\STM32F0xx_StdPeriph_Driver\src\stm32f0xx_tim.c 0x00000000   Number         0  stm32f0xx_tim.o ABSOLUTE
    ..\..\..\..\Utilities\STM32F0-Discovery\stm32f0_discovery.c 0x00000000   Number         0  stm32f0_discovery.o ABSOLUTE
    ..\\..\\..\\..\\Libraries\\STM32F0xx_StdPeriph_Driver\\src\\stm32f0xx_dac.c 0x00000000   Number         0  stm32f0xx_dac.o ABSOLUTE
    ..\\..\\..\\..\\Libraries\\STM32F0xx_StdPeriph_Driver\\src\\stm32f0xx_dma.c 0x00000000   Number         0  stm32f0xx_dma.o ABSOLUTE
    ..\\..\\..\\..\\Libraries\\STM32F0xx_StdPeriph_Driver\\src\\stm32f0xx_exti.c 0x00000000   Number         0  stm32f0xx_exti.o ABSOLUTE
    ..\\..\\..\\..\\Libraries\\STM32F0xx_StdPeriph_Driver\\src\\stm32f0xx_gpio.c 0x00000000   Number         0  stm32f0xx_gpio.o ABSOLUTE
    ..\\..\\..\\..\\Libraries\\STM32F0xx_StdPeriph_Driver\\src\\stm32f0xx_misc.c 0x00000000   Number         0  stm32f0xx_misc.o ABSOLUTE
    ..\\..\\..\\..\\Libraries\\STM32F0xx_StdPeriph_Driver\\src\\stm32f0xx_rcc.c 0x00000000   Number         0  stm32f0xx_rcc.o ABSOLUTE
    ..\\..\\..\\..\\Libraries\\STM32F0xx_StdPeriph_Driver\\src\\stm32f0xx_syscfg.c 0x00000000   Number         0  stm32f0xx_syscfg.o ABSOLUTE
    ..\\..\\..\\..\\Libraries\\STM32F0xx_StdPeriph_Driver\\src\\stm32f0xx_tim.c 0x00000000   Number         0  stm32f0xx_tim.o ABSOLUTE
    ..\\..\\..\\..\\Utilities\\STM32F0-Discovery\\stm32f0_discovery.c 0x00000000   Number         0  stm32f0_discovery.o ABSOLUTE
    ..\\main.c                               0x00000000   Number         0  main.o ABSOLUTE
    ..\\stm32f0xx_it.c                       0x00000000   Number         0  stm32f0xx_it.o ABSOLUTE
    ..\\system_stm32f0xx.c                   0x00000000   Number         0  system_stm32f0xx.o ABSOLUTE
    ..\main.c                                0x00000000   Number         0  main.o ABSOLUTE
    ..\stm32f0xx_it.c                        0x00000000   Number         0  stm32f0xx_it.o ABSOLUTE
    ..\system_stm32f0xx.c                    0x00000000   Number         0  system_stm32f0xx.o ABSOLUTE
    dc.s                                     0x00000000   Number         0  dc.o ABSOLUTE
    handlers.s                               0x00000000   Number         0  handlers.o ABSOLUTE
    init.s                                   0x00000000   Number         0  init.o ABSOLUTE
    RESET                                    0x08000000   Section      192  startup_stm32f0xx.o(RESET)
    .ARM.Collect$$$$00000000                 0x080000c0   Section        0  entry.o(.ARM.Collect$$$$00000000)
    .ARM.Collect$$$$00000001                 0x080000c0   Section        4  entry2.o(.ARM.Collect$$$$00000001)
    .ARM.Collect$$$$00000004                 0x080000c4   Section        4  entry5.o(.ARM.Collect$$$$00000004)
    .ARM.Collect$$$$00000008                 0x080000c8   Section        0  entry7b.o(.ARM.Collect$$$$00000008)
    .ARM.Collect$$$$0000000A                 0x080000c8   Section        0  entry8b.o(.ARM.Collect$$$$0000000A)
    .ARM.Collect$$$$0000000B                 0x080000c8   Section        8  entry9a.o(.ARM.Collect$$$$0000000B)
    .ARM.Collect$$$$0000000D                 0x080000d0   Section        0  entry10a.o(.ARM.Collect$$$$0000000D)
    .ARM.Collect$$$$0000000F                 0x080000d0   Section        0  entry11a.o(.ARM.Collect$$$$0000000F)
    .ARM.Collect$$$$00002712                 0x080000d0   Section        4  entry2.o(.ARM.Collect$$$$00002712)
    __lit__00000000                          0x080000d0   Data           4  entry2.o(.ARM.Collect$$$$00002712)
    .text                                    0x080000d4   Section       28  startup_stm32f0xx.o(.text)
    .text                                    0x080000f0   Section       36  init.o(.text)
    i.DAC_Cmd                                0x08000114   Section        0  stm32f0xx_dac.o(i.DAC_Cmd)
    i.DAC_Config                             0x08000130   Section        0  main.o(i.DAC_Config)
    i.DAC_DMACmd                             0x08000164   Section        0  stm32f0xx_dac.o(i.DAC_DMACmd)
    i.DAC_DeInit                             0x08000180   Section        0  stm32f0xx_dac.o(i.DAC_DeInit)
    i.DAC_Init                               0x08000198   Section        0  stm32f0xx_dac.o(i.DAC_Init)
    i.DMA_Cmd                                0x080001b8   Section        0  stm32f0xx_dma.o(i.DMA_Cmd)
    i.DMA_DeInit                             0x080001d0   Section        0  stm32f0xx_dma.o(i.DMA_DeInit)
    i.DMA_Init                               0x0800023c   Section        0  stm32f0xx_dma.o(i.DMA_Init)
    i.EXTI0_1_IRQHandler                     0x08000278   Section        0  stm32f0xx_it.o(i.EXTI0_1_IRQHandler)
    i.EXTI_ClearITPendingBit                 0x080002b4   Section        0  stm32f0xx_exti.o(i.EXTI_ClearITPendingBit)
    i.EXTI_GetITStatus                       0x080002c0   Section        0  stm32f0xx_exti.o(i.EXTI_GetITStatus)
    i.EXTI_Init                              0x080002dc   Section        0  stm32f0xx_exti.o(i.EXTI_Init)
    i.GPIO_Init                              0x08000348   Section        0  stm32f0xx_gpio.o(i.GPIO_Init)
    i.HardFault_Handler                      0x080003b8   Section        0  stm32f0xx_it.o(i.HardFault_Handler)
    i.NMI_Handler                            0x080003ba   Section        0  stm32f0xx_it.o(i.NMI_Handler)
    i.NVIC_Init                              0x080003bc   Section        0  stm32f0xx_misc.o(i.NVIC_Init)
    i.PendSV_Handler                         0x0800040c   Section        0  stm32f0xx_it.o(i.PendSV_Handler)
    i.RCC_AHBPeriphClockCmd                  0x08000410   Section        0  stm32f0xx_rcc.o(i.RCC_AHBPeriphClockCmd)
    i.RCC_APB1PeriphClockCmd                 0x08000428   Section        0  stm32f0xx_rcc.o(i.RCC_APB1PeriphClockCmd)
    i.RCC_APB1PeriphResetCmd                 0x08000440   Section        0  stm32f0xx_rcc.o(i.RCC_APB1PeriphResetCmd)
    i.RCC_APB2PeriphClockCmd                 0x08000458   Section        0  stm32f0xx_rcc.o(i.RCC_APB2PeriphClockCmd)
    i.STM_EVAL_PBInit                        0x08000470   Section        0  stm32f0_discovery.o(i.STM_EVAL_PBInit)
    i.SVC_Handler                            0x08000500   Section        0  stm32f0xx_it.o(i.SVC_Handler)
    i.SYSCFG_EXTILineConfig                  0x08000504   Section        0  stm32f0xx_syscfg.o(i.SYSCFG_EXTILineConfig)
    i.SetSysClock                            0x0800052c   Section        0  system_stm32f0xx.o(i.SetSysClock)
    SetSysClock                              0x0800052d   Thumb Code    86  system_stm32f0xx.o(i.SetSysClock)
    i.SysTick_Handler                        0x0800058c   Section        0  stm32f0xx_it.o(i.SysTick_Handler)
    i.SystemInit                             0x08000590   Section        0  system_stm32f0xx.o(i.SystemInit)
    i.TIM_Cmd                                0x080005f0   Section        0  stm32f0xx_tim.o(i.TIM_Cmd)
    i.TIM_SelectOutputTrigger                0x08000604   Section        0  stm32f0xx_tim.o(i.TIM_SelectOutputTrigger)
    i.TIM_TimeBaseInit                       0x08000614   Section        0  stm32f0xx_tim.o(i.TIM_TimeBaseInit)
    i.TIM_TimeBaseStructInit                 0x08000688   Section        0  stm32f0xx_tim.o(i.TIM_TimeBaseStructInit)
    i.__scatterload_copy                     0x0800069a   Section       14  handlers.o(i.__scatterload_copy)
    i.__scatterload_null                     0x080006a8   Section        2  handlers.o(i.__scatterload_null)
    i.__scatterload_zeroinit                 0x080006aa   Section       14  handlers.o(i.__scatterload_zeroinit)
    i.main                                   0x080006b8   Section        0  main.o(i.main)
    .constdata                               0x080007c0   Section       70  main.o(.constdata)
    .constdata                               0x08000808   Section       28  stm32f0_discovery.o(.constdata)
    .data                                    0x20000000   Section       12  main.o(.data)
    .data                                    0x2000000c   Section       12  stm32f0_discovery.o(.data)
    .bss                                     0x20000018   Section       56  main.o(.bss)
    STACK                                    0x20000050   Section     1024  startup_stm32f0xx.o(STACK)

    Global Symbols

    Symbol Name                              Value     Ov Type        Size  Object(Section)

    BuildAttributes$$THM_ISAv3M$S$PE$A:L22$X:L11$S22$IEEE1$IW$USESV6$~STKCKD$USESV7$~SHL$OSPACE$EBA8$MICROLIB$REQ8$PRES8$EABIv2 0x00000000   Number         0  anon$$obj.o ABSOLUTE
    __ARM_use_no_argv                        0x00000000   Number         0  main.o ABSOLUTE
    __cpp_initialize__aeabi_                  - Undefined Weak Reference
    __cxa_finalize                            - Undefined Weak Reference
    __decompress                              - Undefined Weak Reference
    _clock_init                               - Undefined Weak Reference
    _microlib_exit                            - Undefined Weak Reference
    __Vectors_Size                           0x000000c0   Number         0  startup_stm32f0xx.o ABSOLUTE
    __Vectors                                0x08000000   Data           4  startup_stm32f0xx.o(RESET)
    __Vectors_End                            0x080000c0   Data           0  startup_stm32f0xx.o(RESET)
    __main                                   0x080000c1   Thumb Code     0  entry.o(.ARM.Collect$$$$00000000)
    _main_stk                                0x080000c1   Thumb Code     0  entry2.o(.ARM.Collect$$$$00000001)
    _main_scatterload                        0x080000c5   Thumb Code     0  entry5.o(.ARM.Collect$$$$00000004)
    __main_after_scatterload                 0x080000c9   Thumb Code     0  entry5.o(.ARM.Collect$$$$00000004)
    _main_clock                              0x080000c9   Thumb Code     0  entry7b.o(.ARM.Collect$$$$00000008)
    _main_cpp_init                           0x080000c9   Thumb Code     0  entry8b.o(.ARM.Collect$$$$0000000A)
    _main_init                               0x080000c9   Thumb Code     0  entry9a.o(.ARM.Collect$$$$0000000B)
    __rt_final_cpp                           0x080000d1   Thumb Code     0  entry10a.o(.ARM.Collect$$$$0000000D)
    __rt_final_exit                          0x080000d1   Thumb Code     0  entry11a.o(.ARM.Collect$$$$0000000F)
    Reset_Handler                            0x080000d5   Thumb Code     8  startup_stm32f0xx.o(.text)
    ADC1_COMP_IRQHandler                     0x080000e7   Thumb Code     0  startup_stm32f0xx.o(.text)
    CEC_IRQHandler                           0x080000e7   Thumb Code     0  startup_stm32f0xx.o(.text)
    DMA1_Channel1_IRQHandler                 0x080000e7   Thumb Code     0  startup_stm32f0xx.o(.text)
    DMA1_Channel2_3_IRQHandler               0x080000e7   Thumb Code     0  startup_stm32f0xx.o(.text)
    DMA1_Channel4_5_IRQHandler               0x080000e7   Thumb Code     0  startup_stm32f0xx.o(.text)
    EXTI2_3_IRQHandler                       0x080000e7   Thumb Code     0  startup_stm32f0xx.o(.text)
    EXTI4_15_IRQHandler                      0x080000e7   Thumb Code     0  startup_stm32f0xx.o(.text)
    FLASH_IRQHandler                         0x080000e7   Thumb Code     0  startup_stm32f0xx.o(.text)
    I2C1_IRQHandler                          0x080000e7   Thumb Code     0  startup_stm32f0xx.o(.text)
    I2C2_IRQHandler                          0x080000e7   Thumb Code     0  startup_stm32f0xx.o(.text)
    PVD_IRQHandler                           0x080000e7   Thumb Code     0  startup_stm32f0xx.o(.text)
    RCC_IRQHandler                           0x080000e7   Thumb Code     0  startup_stm32f0xx.o(.text)
    RTC_IRQHandler                           0x080000e7   Thumb Code     0  startup_stm32f0xx.o(.text)
    SPI1_IRQHandler                          0x080000e7   Thumb Code     0  startup_stm32f0xx.o(.text)
    SPI2_IRQHandler                          0x080000e7   Thumb Code     0  startup_stm32f0xx.o(.text)
    TIM14_IRQHandler                         0x080000e7   Thumb Code     0  startup_stm32f0xx.o(.text)
    TIM15_IRQHandler                         0x080000e7   Thumb Code     0  startup_stm32f0xx.o(.text)
    TIM16_IRQHandler                         0x080000e7   Thumb Code     0  startup_stm32f0xx.o(.text)
    TIM17_IRQHandler                         0x080000e7   Thumb Code     0  startup_stm32f0xx.o(.text)
    TIM1_BRK_UP_TRG_COM_IRQHandler           0x080000e7   Thumb Code     0  startup_stm32f0xx.o(.text)
    TIM1_CC_IRQHandler                       0x080000e7   Thumb Code     0  startup_stm32f0xx.o(.text)
    TIM2_IRQHandler                          0x080000e7   Thumb Code     0  startup_stm32f0xx.o(.text)
    TIM3_IRQHandler                          0x080000e7   Thumb Code     0  startup_stm32f0xx.o(.text)
    TIM6_DAC_IRQHandler                      0x080000e7   Thumb Code     0  startup_stm32f0xx.o(.text)
    TS_IRQHandler                            0x080000e7   Thumb Code     0  startup_stm32f0xx.o(.text)
    USART1_IRQHandler                        0x080000e7   Thumb Code     0  startup_stm32f0xx.o(.text)
    USART2_IRQHandler                        0x080000e7   Thumb Code     0  startup_stm32f0xx.o(.text)
    WWDG_IRQHandler                          0x080000e7   Thumb Code     0  startup_stm32f0xx.o(.text)
    __scatterload                            0x080000f1   Thumb Code    28  init.o(.text)
    __scatterload_rt2                        0x080000f1   Thumb Code     0  init.o(.text)
    DAC_Cmd                                  0x08000115   Thumb Code    22  stm32f0xx_dac.o(i.DAC_Cmd)
    DAC_Config                               0x08000131   Thumb Code    52  main.o(i.DAC_Config)
    DAC_DMACmd                               0x08000165   Thumb Code    22  stm32f0xx_dac.o(i.DAC_DMACmd)
    DAC_DeInit                               0x08000181   Thumb Code    22  stm32f0xx_dac.o(i.DAC_DeInit)
    DAC_Init                                 0x08000199   Thumb Code    26  stm32f0xx_dac.o(i.DAC_Init)
    DMA_Cmd                                  0x080001b9   Thumb Code    20  stm32f0xx_dma.o(i.DMA_Cmd)
    DMA_DeInit                               0x080001d1   Thumb Code   100  stm32f0xx_dma.o(i.DMA_DeInit)
    DMA_Init                                 0x0800023d   Thumb Code    56  stm32f0xx_dma.o(i.DMA_Init)
    EXTI0_1_IRQHandler                       0x08000279   Thumb Code    52  stm32f0xx_it.o(i.EXTI0_1_IRQHandler)
    EXTI_ClearITPendingBit                   0x080002b5   Thumb Code     6  stm32f0xx_exti.o(i.EXTI_ClearITPendingBit)
    EXTI_GetITStatus                         0x080002c1   Thumb Code    24  stm32f0xx_exti.o(i.EXTI_GetITStatus)
    EXTI_Init                                0x080002dd   Thumb Code   102  stm32f0xx_exti.o(i.EXTI_Init)
    GPIO_Init                                0x08000349   Thumb Code   112  stm32f0xx_gpio.o(i.GPIO_Init)
    HardFault_Handler                        0x080003b9   Thumb Code     2  stm32f0xx_it.o(i.HardFault_Handler)
    NMI_Handler                              0x080003bb   Thumb Code     2  stm32f0xx_it.o(i.NMI_Handler)
    NVIC_Init                                0x080003bd   Thumb Code    70  stm32f0xx_misc.o(i.NVIC_Init)
    PendSV_Handler                           0x0800040d   Thumb Code     2  stm32f0xx_it.o(i.PendSV_Handler)
    RCC_AHBPeriphClockCmd                    0x08000411   Thumb Code    18  stm32f0xx_rcc.o(i.RCC_AHBPeriphClockCmd)
    RCC_APB1PeriphClockCmd                   0x08000429   Thumb Code    18  stm32f0xx_rcc.o(i.RCC_APB1PeriphClockCmd)
    RCC_APB1PeriphResetCmd                   0x08000441   Thumb Code    18  stm32f0xx_rcc.o(i.RCC_APB1PeriphResetCmd)
    RCC_APB2PeriphClockCmd                   0x08000459   Thumb Code    18  stm32f0xx_rcc.o(i.RCC_APB2PeriphClockCmd)
    STM_EVAL_PBInit                          0x08000471   Thumb Code   136  stm32f0_discovery.o(i.STM_EVAL_PBInit)
    SVC_Handler                              0x08000501   Thumb Code     2  stm32f0xx_it.o(i.SVC_Handler)
    SYSCFG_EXTILineConfig                    0x08000505   Thumb Code    34  stm32f0xx_syscfg.o(i.SYSCFG_EXTILineConfig)
    SysTick_Handler                          0x0800058d   Thumb Code     2  stm32f0xx_it.o(i.SysTick_Handler)
    SystemInit                               0x08000591   Thumb Code    84  system_stm32f0xx.o(i.SystemInit)
    TIM_Cmd                                  0x080005f1   Thumb Code    20  stm32f0xx_tim.o(i.TIM_Cmd)
    TIM_SelectOutputTrigger                  0x08000605   Thumb Code    16  stm32f0xx_tim.o(i.TIM_SelectOutputTrigger)
    TIM_TimeBaseInit                         0x08000615   Thumb Code    88  stm32f0xx_tim.o(i.TIM_TimeBaseInit)
    TIM_TimeBaseStructInit                   0x08000689   Thumb Code    18  stm32f0xx_tim.o(i.TIM_TimeBaseStructInit)
    __scatterload_copy                       0x0800069b   Thumb Code    14  handlers.o(i.__scatterload_copy)
    __scatterload_null                       0x080006a9   Thumb Code     2  handlers.o(i.__scatterload_null)
    __scatterload_zeroinit                   0x080006ab   Thumb Code    14  handlers.o(i.__scatterload_zeroinit)
    main                                     0x080006b9   Thumb Code   244  main.o(i.main)
    Escalator8bit                            0x080007c0   Data           6  main.o(.constdata)
    Sine12bit                                0x080007c6   Data          64  main.o(.constdata)
    BUTTON_PIN                               0x08000808   Data           2  stm32f0_discovery.o(.constdata)
    BUTTON_EXTI_LINE                         0x0800080a   Data           2  stm32f0_discovery.o(.constdata)
    BUTTON_PORT_SOURCE                       0x0800080c   Data           2  stm32f0_discovery.o(.constdata)
    BUTTON_PIN_SOURCE                        0x0800080e   Data           2  stm32f0_discovery.o(.constdata)
    BUTTON_IRQn                              0x08000810   Data           2  stm32f0_discovery.o(.constdata)
    GPIO_PIN                                 0x08000812   Data           4  stm32f0_discovery.o(.constdata)
    BUTTON_CLK                               0x08000818   Data           4  stm32f0_discovery.o(.constdata)
    GPIO_CLK                                 0x0800081c   Data           8  stm32f0_discovery.o(.constdata)
    Region$$Table$$Base                      0x08000824   Number         0  anon$$obj.o(Region$$Table)
    Region$$Table$$Limit                     0x08000844   Number         0  anon$$obj.o(Region$$Table)
    SelectedWavesForm                        0x20000000   Data           1  main.o(.data)
    WaveChange                               0x20000001   Data           1  main.o(.data)
    DAC_InitStructure                        0x20000004   Data           8  main.o(.data)
    BUTTON_PORT                              0x2000000c   Data           4  stm32f0_discovery.o(.data)
    GPIO_PORT                                0x20000010   Data           8  stm32f0_discovery.o(.data)
    TIM_TimeBaseStructure                    0x20000018   Data          12  main.o(.bss)
    DMA_InitStructure                        0x20000024   Data          44  main.o(.bss)
    __initial_sp                             0x20000450   Data           0  startup_stm32f0xx.o(STACK)



==============================================================================

Memory Map of the image

  Image Entry point : 0x080000c1

  Load Region LR_IROM1 (Base: 0x08000000, Size: 0x0000085c, Max: 0x00010000, ABSOLUTE)

    Execution Region ER_IROM1 (Exec base: 0x08000000, Load base: 0x08000000, Size: 0x00000844, Max: 0x00010000, ABSOLUTE)

    Exec Addr    Load Addr    Size         Type   Attr      Idx    E Section Name        Object

    0x08000000   0x08000000   0x000000c0   Data   RO         1551    RESET               startup_stm32f0xx.o
    0x080000c0   0x080000c0   0x00000000   Code   RO         1556  * .ARM.Collect$$$$00000000  mc_p.l(entry.o)
    0x080000c0   0x080000c0   0x00000004   Code   RO         1561    .ARM.Collect$$$$00000001  mc_p.l(entry2.o)
    0x080000c4   0x080000c4   0x00000004   Code   RO         1564    .ARM.Collect$$$$00000004  mc_p.l(entry5.o)
    0x080000c8   0x080000c8   0x00000000   Code   RO         1566    .ARM.Collect$$$$00000008  mc_p.l(entry7b.o)
    0x080000c8   0x080000c8   0x00000000   Code   RO         1568    .ARM.Collect$$$$0000000A  mc_p.l(entry8b.o)
    0x080000c8   0x080000c8   0x00000008   Code   RO         1569    .ARM.Collect$$$$0000000B  mc_p.l(entry9a.o)
    0x080000d0   0x080000d0   0x00000000   Code   RO         1571    .ARM.Collect$$$$0000000D  mc_p.l(entry10a.o)
    0x080000d0   0x080000d0   0x00000000   Code   RO         1573    .ARM.Collect$$$$0000000F  mc_p.l(entry11a.o)
    0x080000d0   0x080000d0   0x00000004   Code   RO         1562    .ARM.Collect$$$$00002712  mc_p.l(entry2.o)
    0x080000d4   0x080000d4   0x0000001c   Code   RO         1552    .text               startup_stm32f0xx.o
    0x080000f0   0x080000f0   0x00000024   Code   RO         1575    .text               mc_p.l(init.o)
    0x08000114   0x08000114   0x0000001c   Code   RO         1461    i.DAC_Cmd           stm32f0xx_dac.o
    0x08000130   0x08000130   0x00000034   Code   RO            2    i.DAC_Config        main.o
    0x08000164   0x08000164   0x0000001c   Code   RO         1462    i.DAC_DMACmd        stm32f0xx_dac.o
    0x08000180   0x08000180   0x00000016   Code   RO         1463    i.DAC_DeInit        stm32f0xx_dac.o
    0x08000196   0x08000196   0x00000002   PAD
    0x08000198   0x08000198   0x00000020   Code   RO         1468    i.DAC_Init          stm32f0xx_dac.o
    0x080001b8   0x080001b8   0x00000018   Code   RO         1382    i.DMA_Cmd           stm32f0xx_dma.o
    0x080001d0   0x080001d0   0x0000006c   Code   RO         1383    i.DMA_DeInit        stm32f0xx_dma.o
    0x0800023c   0x0800023c   0x0000003c   Code   RO         1388    i.DMA_Init          stm32f0xx_dma.o
    0x08000278   0x08000278   0x0000003c   Code   RO          121    i.EXTI0_1_IRQHandler  stm32f0xx_it.o
    0x080002b4   0x080002b4   0x0000000c   Code   RO          737    i.EXTI_ClearITPendingBit  stm32f0xx_exti.o
    0x080002c0   0x080002c0   0x0000001c   Code   RO          741    i.EXTI_GetITStatus  stm32f0xx_exti.o
    0x080002dc   0x080002dc   0x0000006c   Code   RO          742    i.EXTI_Init         stm32f0xx_exti.o
    0x08000348   0x08000348   0x00000070   Code   RO          585    i.GPIO_Init         stm32f0xx_gpio.o
    0x080003b8   0x080003b8   0x00000002   Code   RO          122    i.HardFault_Handler  stm32f0xx_it.o
    0x080003ba   0x080003ba   0x00000002   Code   RO          123    i.NMI_Handler       stm32f0xx_it.o
    0x080003bc   0x080003bc   0x00000050   Code   RO          797    i.NVIC_Init         stm32f0xx_misc.o
    0x0800040c   0x0800040c   0x00000002   Code   RO          124    i.PendSV_Handler    stm32f0xx_it.o
    0x0800040e   0x0800040e   0x00000002   PAD
    0x08000410   0x08000410   0x00000018   Code   RO          276    i.RCC_AHBPeriphClockCmd  stm32f0xx_rcc.o
    0x08000428   0x08000428   0x00000018   Code   RO          278    i.RCC_APB1PeriphClockCmd  stm32f0xx_rcc.o
    0x08000440   0x08000440   0x00000018   Code   RO          279    i.RCC_APB1PeriphResetCmd  stm32f0xx_rcc.o
    0x08000458   0x08000458   0x00000018   Code   RO          280    i.RCC_APB2PeriphClockCmd  stm32f0xx_rcc.o
    0x08000470   0x08000470   0x00000090   Code   RO          227    i.STM_EVAL_PBInit   stm32f0_discovery.o
    0x08000500   0x08000500   0x00000002   Code   RO          125    i.SVC_Handler       stm32f0xx_it.o
    0x08000502   0x08000502   0x00000002   PAD
    0x08000504   0x08000504   0x00000028   Code   RO          682    i.SYSCFG_EXTILineConfig  stm32f0xx_syscfg.o
    0x0800052c   0x0800052c   0x00000060   Code   RO          189    i.SetSysClock       system_stm32f0xx.o
    0x0800058c   0x0800058c   0x00000002   Code   RO          126    i.SysTick_Handler   stm32f0xx_it.o
    0x0800058e   0x0800058e   0x00000002   PAD
    0x08000590   0x08000590   0x00000060   Code   RO          191    i.SystemInit        system_stm32f0xx.o
    0x080005f0   0x080005f0   0x00000014   Code   RO          842    i.TIM_Cmd           stm32f0xx_tim.o
    0x08000604   0x08000604   0x00000010   Code   RO          901    i.TIM_SelectOutputTrigger  stm32f0xx_tim.o
    0x08000614   0x08000614   0x00000074   Code   RO          915    i.TIM_TimeBaseInit  stm32f0xx_tim.o
    0x08000688   0x08000688   0x00000012   Code   RO          916    i.TIM_TimeBaseStructInit  stm32f0xx_tim.o
    0x0800069a   0x0800069a   0x0000000e   Code   RO         1579    i.__scatterload_copy  mc_p.l(handlers.o)
    0x080006a8   0x080006a8   0x00000002   Code   RO         1580    i.__scatterload_null  mc_p.l(handlers.o)
    0x080006aa   0x080006aa   0x0000000e   Code   RO         1581    i.__scatterload_zeroinit  mc_p.l(handlers.o)
    0x080006b8   0x080006b8   0x00000108   Code   RO            3    i.main              main.o
    0x080007c0   0x080007c0   0x00000046   Data   RO            5    .constdata          main.o
    0x08000806   0x08000806   0x00000002   PAD
    0x08000808   0x08000808   0x0000001c   Data   RO          228    .constdata          stm32f0_discovery.o
    0x08000824   0x08000824   0x00000020   Data   RO         1577    Region$$Table       anon$$obj.o


    Execution Region RW_IRAM1 (Exec base: 0x20000000, Load base: 0x08000844, Size: 0x00000450, Max: 0x00002000, ABSOLUTE)

    Exec Addr    Load Addr    Size         Type   Attr      Idx    E Section Name        Object

    0x20000000   0x08000844   0x0000000c   Data   RW            7    .data               main.o
    0x2000000c   0x08000850   0x0000000c   Data   RW          229    .data               stm32f0_discovery.o
    0x20000018        -       0x00000038   Zero   RW            4    .bss                main.o
    0x20000050        -       0x00000400   Zero   RW         1549    STACK               startup_stm32f0xx.o


==============================================================================

Image component sizes


      Code (inc. data)   RO Data    RW Data    ZI Data      Debug   Object Name

       316         20         70         12         56     125785   main.o
        28          8        192          0       1024        752   startup_stm32f0xx.o
       144          8         28         12          0       3208   stm32f0_discovery.o
       110         18          0          0          0       5055   stm32f0xx_dac.o
       192         16          0          0          0       8578   stm32f0xx_dma.o
       148         16          0          0          0       5168   stm32f0xx_exti.o
       112          0          0          0          0       5880   stm32f0xx_gpio.o
        70          8          0          0          0       2672   stm32f0xx_it.o
        80         10          0          0          0       2280   stm32f0xx_misc.o
        96         24          0          0          0       2671   stm32f0xx_rcc.o
        40          6          0          0          0        736   stm32f0xx_syscfg.o
       170         28          0          0          0      24323   stm32f0xx_tim.o
       192         22          0          0          0       1461   system_stm32f0xx.o

    ----------------------------------------------------------------------
      1706        184        324         24       1080     188569   Object Totals
         0          0         32          0          0          0   (incl. Generated)
         8          0          2          0          0          0   (incl. Padding)

    ----------------------------------------------------------------------

      Code (inc. data)   RO Data    RW Data    ZI Data      Debug   Library Member Name

         0          0          0          0          0          0   entry.o
         0          0          0          0          0          0   entry10a.o
         0          0          0          0          0          0   entry11a.o
         8          4          0          0          0          0   entry2.o
         4          0          0          0          0          0   entry5.o
         0          0          0          0          0          0   entry7b.o
         0          0          0          0          0          0   entry8b.o
         8          4          0          0          0          0   entry9a.o
        30          0          0          0          0          0   handlers.o
        36          8          0          0          0         68   init.o

    ----------------------------------------------------------------------
        86         16          0          0          0         68   Library Totals
         0          0          0          0          0          0   (incl. Padding)

    ----------------------------------------------------------------------

      Code (inc. data)   RO Data    RW Data    ZI Data      Debug   Library Name

        86         16          0          0          0         68   mc_p.l

    ----------------------------------------------------------------------
        86         16          0          0          0         68   Library Totals

    ----------------------------------------------------------------------

==============================================================================


      Code (inc. data)   RO Data    RW Data    ZI Data      Debug   

      1792        200        324         24       1080     187601   Grand Totals
      1792        200        324         24       1080     187601   ELF Image Totals
      1792        200        324         24          0          0   ROM Totals

==============================================================================

    Total RO  Size (Code + RO Data)                 2116 (   2.07kB)
    Total RW  Size (RW Data + ZI Data)              1104 (   1.08kB)
    Total ROM Size (Code + RO Data + RW Data)       2140 (   2.09kB)

==============================================================================

